<?xml version="1.0" encoding="UTF-8" ?>
<testsuites name="vitest tests" tests="5" failures="0" errors="0" time="1.1512867">
    <testsuite name="src/components/ranking/RankingTable.test.tsx" timestamp="2026-09-07T00:12:13.502Z" hostname="DESKTOP-3IS13L5" tests="5" failures="0" errors="0" skipped="0" time="1.1512867">
        <testcase classname="src/components/ranking/RankingTable.test.tsx" name="sales ranking &gt; shows compact metrics, the first-week pause and persistent weekly points" time="0.6864308">
        </testcase>
        <testcase classname="src/components/ranking/RankingTable.test.tsx" name="sales ranking &gt; switches to the calendar month without keeping stale weekly numbers" time="0.1354643">
        </testcase>
        <testcase classname="src/components/ranking/RankingTable.test.tsx" name="sales ranking &gt; does not turn API errors into a zero-score ranking and allows a retry" time="0.1036946">
        </testcase>
        <testcase classname="src/components/ranking/RankingTable.test.tsx" name="sales ranking &gt; retains the last valid report with an explicit warning if refresh fails" time="0.147873">
        </testcase>
        <testcase classname="src/components/ranking/RankingTable.test.tsx" name="sales ranking &gt; labels both years correctly when a week crosses New Year" time="0.0731473">
        </testcase>
    </testsuite>
</testsuites>
